Archive member included to satisfy reference by file (symbol)

C:/ST/STM32CubeIDE_1.18.1/STM32CubeIDE/plugins/com.st.stm32cube.ide.mcu.externaltools.gnu-tools-for-stm32.13.3.rel1.win32_1.0.0.202411081344/tools/bin/../lib/gcc/arm-none-eabi/13.3.1/../../../../arm-none-eabi/lib/thumb/v7e-m+dp/hard\libc_nano.a(libc_a-exit.o)
                              C:/ST/STM32CubeIDE_1.18.1/STM32CubeIDE/plugins/com.st.stm32cube.ide.mcu.externaltools.gnu-tools-for-stm32.13.3.rel1.win32_1.0.0.202411081344/tools/bin/../lib/gcc/arm-none-eabi/13.3.1/../../../../arm-none-eabi/lib/thumb/v7e-m+dp/hard/crt0.o (exit)
C:/ST/STM32CubeIDE_1.18.1/STM32CubeIDE/plugins/com.st.stm32cube.ide.mcu.externaltools.gnu-tools-for-stm32.13.3.rel1.win32_1.0.0.202411081344/tools/bin/../lib/gcc/arm-none-eabi/13.3.1/../../../../arm-none-eabi/lib/thumb/v7e-m+dp/hard\libc_nano.a(libc_a-findfp.o)
                              C:/ST/STM32CubeIDE_1.18.1/STM32CubeIDE/plugins/com.st.stm32cube.ide.mcu.externaltools.gnu-tools-for-stm32.13.3.rel1.win32_1.0.0.202411081344/tools/bin/../lib/gcc/arm-none-eabi/13.3.1/../../../../arm-none-eabi/lib/thumb/v7e-m+dp/hard\libc_nano.a(libc_a-exit.o) (__stdio_exit_handler)
C:/ST/STM32CubeIDE_1.18.1/STM32CubeIDE/plugins/com.st.stm32cube.ide.mcu.externaltools.gnu-tools-for-stm32.13.3.rel1.win32_1.0.0.202411081344/tools/bin/../lib/gcc/arm-none-eabi/13.3.1/../../../../arm-none-eabi/lib/thumb/v7e-m+dp/hard\libc_nano.a(libc_a-fwalk.o)
                              C:/ST/STM32CubeIDE_1.18.1/STM32CubeIDE/plugins/com.st.stm32cube.ide.mcu.externaltools.gnu-tools-for-stm32.13.3.rel1.win32_1.0.0.202411081344/tools/bin/../lib/gcc/arm-none-eabi/13.3.1/../../../../arm-none-eabi/lib/thumb/v7e-m+dp/hard\libc_nano.a(libc_a-findfp.o) (_fwalk_sglue)
C:/ST/STM32CubeIDE_1.18.1/STM32CubeIDE/plugins/com.st.stm32cube.ide.mcu.externaltools.gnu-tools-for-stm32.13.3.rel1.win32_1.0.0.202411081344/tools/bin/../lib/gcc/arm-none-eabi/13.3.1/../../../../arm-none-eabi/lib/thumb/v7e-m+dp/hard\libc_nano.a(libc_a-stdio.o)
                              C:/ST/STM32CubeIDE_1.18.1/STM32CubeIDE/plugins/com.st.stm32cube.ide.mcu.externaltools.gnu-tools-for-stm32.13.3.rel1.win32_1.0.0.202411081344/tools/bin/../lib/gcc/arm-none-eabi/13.3.1/../../../../arm-none-eabi/lib/thumb/v7e-m+dp/hard\libc_nano.a(libc_a-findfp.o) (__sread)
C:/ST/STM32CubeIDE_1.18.1/STM32CubeIDE/plugins/com.st.stm32cube.ide.mcu.externaltools.gnu-tools-for-stm32.13.3.rel1.win32_1.0.0.202411081344/tools/bin/../lib/gcc/arm-none-eabi/13.3.1/../../../../arm-none-eabi/lib/thumb/v7e-m+dp/hard\libc_nano.a(libc_a-memset.o)
                              C:/ST/STM32CubeIDE_1.18.1/STM32CubeIDE/plugins/com.st.stm32cube.ide.mcu.externaltools.gnu-tools-for-stm32.13.3.rel1.win32_1.0.0.202411081344/tools/bin/../lib/gcc/arm-none-eabi/13.3.1/../../../../arm-none-eabi/lib/thumb/v7e-m+dp/hard/crt0.o (memset)
C:/ST/STM32CubeIDE_1.18.1/STM32CubeIDE/plugins/com.st.stm32cube.ide.mcu.externaltools.gnu-tools-for-stm32.13.3.rel1.win32_1.0.0.202411081344/tools/bin/../lib/gcc/arm-none-eabi/13.3.1/../../../../arm-none-eabi/lib/thumb/v7e-m+dp/hard\libc_nano.a(libc_a-closer.o)
                              C:/ST/STM32CubeIDE_1.18.1/STM32CubeIDE/plugins/com.st.stm32cube.ide.mcu.externaltools.gnu-tools-for-stm32.13.3.rel1.win32_1.0.0.202411081344/tools/bin/../lib/gcc/arm-none-eabi/13.3.1/../../../../arm-none-eabi/lib/thumb/v7e-m+dp/hard\libc_nano.a(libc_a-stdio.o) (_close_r)
C:/ST/STM32CubeIDE_1.18.1/STM32CubeIDE/plugins/com.st.stm32cube.ide.mcu.externaltools.gnu-tools-for-stm32.13.3.rel1.win32_1.0.0.202411081344/tools/bin/../lib/gcc/arm-none-eabi/13.3.1/../../../../arm-none-eabi/lib/thumb/v7e-m+dp/hard\libc_nano.a(libc_a-reent.o)
                              C:/ST/STM32CubeIDE_1.18.1/STM32CubeIDE/plugins/com.st.stm32cube.ide.mcu.externaltools.gnu-tools-for-stm32.13.3.rel1.win32_1.0.0.202411081344/tools/bin/../lib/gcc/arm-none-eabi/13.3.1/../../../../arm-none-eabi/lib/thumb/v7e-m+dp/hard\libc_nano.a(libc_a-closer.o) (errno)
C:/ST/STM32CubeIDE_1.18.1/STM32CubeIDE/plugins/com.st.stm32cube.ide.mcu.externaltools.gnu-tools-for-stm32.13.3.rel1.win32_1.0.0.202411081344/tools/bin/../lib/gcc/arm-none-eabi/13.3.1/../../../../arm-none-eabi/lib/thumb/v7e-m+dp/hard\libc_nano.a(libc_a-impure.o)
                              C:/ST/STM32CubeIDE_1.18.1/STM32CubeIDE/plugins/com.st.stm32cube.ide.mcu.externaltools.gnu-tools-for-stm32.13.3.rel1.win32_1.0.0.202411081344/tools/bin/../lib/gcc/arm-none-eabi/13.3.1/../../../../arm-none-eabi/lib/thumb/v7e-m+dp/hard\libc_nano.a(libc_a-reent.o) (_impure_ptr)
C:/ST/STM32CubeIDE_1.18.1/STM32CubeIDE/plugins/com.st.stm32cube.ide.mcu.externaltools.gnu-tools-for-stm32.13.3.rel1.win32_1.0.0.202411081344/tools/bin/../lib/gcc/arm-none-eabi/13.3.1/../../../../arm-none-eabi/lib/thumb/v7e-m+dp/hard\libc_nano.a(libc_a-lseekr.o)
[...]
Memory Configuration

Name             Origin             Length             Attributes
FLASH            0x08000000         0x00200000         xr
DTCMRAM          0x20000000         0x00020000         xrw
RAM_D1           0x24000000         0x00080000         xrw
RAM_D2           0x30000000         0x00048000         xrw
RAM_D3           0x38000000         0x00010000         xrw
ITCMRAM          0x00000000         0x00010000         xrw
*default*        0x00000000         0xffffffff

Linker script and memory map

LOAD C:/ST/STM32CubeIDE_1.18.1/STM32CubeIDE/plugins/com.st.stm32cube.ide.mcu.externaltools.gnu-tools-for-stm32.13.3.rel1.win32_1.0.0.202411081344/tools/bin/../lib/gcc/arm-none-eabi/13.3.1/thumb/v7e-m+dp/hard/crti.o
LOAD C:/ST/STM32CubeIDE_1.18.1/STM32CubeIDE/plugins/com.st.stm32cube.ide.mcu.externaltools.gnu-tools-for-stm32.13.3.rel1.win32_1.0.0.202411081344/tools/bin/../lib/gcc/arm-none-eabi/13.3.1/thumb/v7e-m+dp/hard/crtbegin.o
LOAD C:/ST/STM32CubeIDE_1.18.1/STM32CubeIDE/plugins/com.st.stm32cube.ide.mcu.externaltools.gnu-tools-for-stm32.13.3.rel1.win32_1.0.0.202411081344/tools/bin/../lib/gcc/arm-none-eabi/13.3.1/../../../../arm-none-eabi/lib/thumb/v7e-m+dp/hard/crt0.o
LOAD ./Core/Src/main.o
LOAD ./Core/Src/stm32h7xx_it.o
LOAD ./Core/Src/syscalls.o
LOAD ./Core/Src/sysmem.o
LOAD ./Core/Src/system_stm32h7xx.o
LOAD ./Core/Startup/startup_stm32h753zitx.o
LOAD ./Drivers/STM32H7xx_HAL_Driver/Src/stm32h7xx_ll_exti.o
LOAD ./Drivers/STM32H7xx_HAL_Driver/Src/stm32h7xx_ll_gpio.o
LOAD ./Drivers/STM32H7xx_HAL_Driver/Src/stm32h7xx_ll_pwr.o
LOAD ./Drivers/STM32H7xx_HAL_Driver/Src/stm32h7xx_ll_rcc.o
LOAD ./Drivers/STM32H7xx_HAL_Driver/Src/stm32h7xx_ll_utils.o
START GROUP
LOAD C:/ST/STM32CubeIDE_1.18.1/STM32CubeIDE/plugins/com.st.stm32cube.ide.mcu.externaltools.gnu-tools-for-stm32.13.3.rel1.win32_1.0.0.202411081344/tools/bin/../lib/gcc/arm-none-eabi/13.3.1/../../../../arm-none-eabi/lib/thumb/v7e-m+dp/hard\libc_nano.a
LOAD C:/ST/STM32CubeIDE_1.18.1/STM32CubeIDE/plugins/com.st.stm32cube.ide.mcu.externaltools.gnu-tools-for-stm32.13.3.rel1.win32_1.0.0.202411081344/tools/bin/../lib/gcc/arm-none-eabi/13.3.1/../../../../arm-none-eabi/lib/thumb/v7e-m+dp/hard\libm.a
END GROUP
START GROUP
LOAD C:/ST/STM32CubeIDE_1.18.1/STM32CubeIDE/plugins/com.st.stm32cube.ide.mcu.externaltools.gnu-tools-for-stm32.13.3.rel1.win32_1.0.0.202411081344/tools/bin/../lib/gcc/arm-none-eabi/13.3.1/thumb/v7e-m+dp/hard\libgcc.a
LOAD C:/ST/STM32CubeIDE_1.18.1/STM32CubeIDE/plugins/com.st.stm32cube.ide.mcu.externaltools.gnu-tools-for-stm32.13.3.rel1.win32_1.0.0.202411081344/tools/bin/../lib/gcc/arm-none-eabi/13.3.1/../../../../arm-none-eabi/lib/thumb/v7e-m+dp/hard\libc_nano.a
END GROUP
START GROUP
LOAD C:/ST/STM32CubeIDE_1.18.1/STM32CubeIDE/plugins/com.st.stm32cube.ide.mcu.externaltools.gnu-tools-for-stm32.13.3.rel1.win32_1.0.0.202411081344/tools/bin/../lib/gcc/arm-none-eabi/13.3.1/thumb/v7e-m+dp/hard\libgcc.a
LOAD C:/ST/STM32CubeIDE_1.18.1/STM32CubeIDE/plugins/com.st.stm32cube.ide.mcu.externaltools.gnu-tools-for-stm32.13.3.rel1.win32_1.0.0.202411081344/tools/bin/../lib/gcc/arm-none-eabi/13.3.1/../../../../arm-none-eabi/lib/thumb/v7e-m+dp/hard\libc_nano.a
LOAD C:/ST/STM32CubeIDE_1.18.1/STM32CubeIDE/plugins/com.st.stm32cube.ide.mcu.externaltools.gnu-tools-for-stm32.13.3.rel1.win32_1.0.0.202411081344/tools/bin/../lib/gcc/arm-none-eabi/13.3.1/../../../../arm-none-eabi/lib/thumb/v7e-m+dp/hard\libnosys.a
END GROUP
START GROUP
LOAD C:/ST/STM32CubeIDE_1.18.1/STM32CubeIDE/plugins/com.st.stm32cube.ide.mcu.externaltools.gnu-tools-for-stm32.13.3.rel1.win32_1.0.0.202411081344/tools/bin/../lib/gcc/arm-none-eabi/13.3.1/thumb/v7e-m+dp/hard\libgcc.a
LOAD C:/ST/STM32CubeIDE_1.18.1/STM32CubeIDE/plugins/com.st.stm32cube.ide.mcu.externaltools.gnu-tools-for-stm32.13.3.rel1.win32_1.0.0.202411081344/tools/bin/../lib/gcc/arm-none-eabi/13.3.1/../../../../arm-none-eabi/lib/thumb/v7e-m+dp/hard\libc_nano.a
LOAD C:/ST/STM32CubeIDE_1.18.1/STM32CubeIDE/plugins/com.st.stm32cube.ide.mcu.externaltools.gnu-tools-for-stm32.13.3.rel1.win32_1.0.0.202411081344/tools/bin/../lib/gcc/arm-none-eabi/13.3.1/../../../../arm-none-eabi/lib/thumb/v7e-m+dp/hard\libnosys.a
END GROUP
LOAD C:/ST/STM32CubeIDE_1.18.1/STM32CubeIDE/plugins/com.st.stm32cube.ide.mcu.externaltools.gnu-tools-for-stm32.13.3.rel1.win32_1.0.0.202411081344/tools/bin/../lib/gcc/arm-none-eabi/13.3.1/thumb/v7e-m+dp/hard/crtend.o
LOAD C:/ST/STM32CubeIDE_1.18.1/STM32CubeIDE/plugins/com.st.stm32cube.ide.mcu.externaltools.gnu-tools-for-stm32.13.3.rel1.win32_1.0.0.202411081344/tools/bin/../lib/gcc/arm-none-eabi/13.3.1/thumb/v7e-m+dp/hard/crtn.o
                0x24080000                        _estack = (ORIGIN (RAM_D1) + LENGTH (RAM_D1))
                0x00000200                        _Min_Heap_Size = 0x200
                0x00000400                        _Min_Stack_Size = 0x400

.isr_vector     0x08000000      0x298
                0x08000000                        . = ALIGN (0x4)
 *(.isr_vector)
 .isr_vector    0x08000000      0x298 ./Core/Startup/startup_stm32h753zitx.o
                0x08000000                g_pfnVectors
                0x08000298                        . = ALIGN (0x4)

.text           0x08000298     0x14d0
                0x08000298                        . = ALIGN (0x4)
 *(.text)
 .text          0x08000298       0x40 C:/ST/STM32CubeIDE_1.18.1/STM32CubeIDE/plugins/com.st.stm32cube.ide.mcu.externaltools.gnu-tools-for-stm32.13.3.rel1.win32_1.0.0.202411081344/tools/bin/../lib/gcc/arm-none-eabi/13.3.1/thumb/v7e-m+dp/hard/crtbegin.o
 *(.text*)
 .text.__NVIC_SetPriorityGrouping
                0x080002d8       0x48 ./Core/Src/main.o
 .text.__NVIC_GetPriorityGrouping
                0x08000320       0x1c ./Core/Src/main.o
 .text.__NVIC_EnableIRQ
                0x0800033c       0x3c ./Core/Src/main.o
 .text.__NVIC_SetPriority
                0x08000378       0x54 ./Core/Src/main.o
 .text.NVIC_EncodePriority
                0x080003cc       0x66 ./Core/Src/main.o
 *fill*         0x08000432        0x2 
 .text.LL_RCC_HSI_Enable
                0x08000434       0x20 ./Core/Src/main.o
 .text.LL_RCC_HSI_IsReady
                0x08000454       0x24 ./Core/Src/main.o
 .text.LL_RCC_HSI_SetDivider
                0x08000478       0x28 ./Core/Src/main.o
 .text.LL_RCC_HSI_SetCalibTrimming
                0x080004a0       0x50 ./Core/Src/main.o
 .text.LL_RCC_SetSysClkSource
                0x080004f0       0x28 ./Core/Src/main.o
 .text.LL_RCC_GetSysClkSource
                0x08000518       0x1c ./Core/Src/main.o
 .text.LL_RCC_SetSysPrescaler
                0x08000534       0x28 ./Core/Src/main.o
 .text.LL_RCC_SetAHBPrescaler
                0x0800055c       0x28 ./Core/Src/main.o
 .text.LL_RCC_SetAPB1Prescaler
                0x08000584       0x28 ./Core/Src/main.o
 .text.LL_RCC_SetAPB2Prescaler
                0x080005ac       0x28 ./Core/Src/main.o
 .text.LL_RCC_SetAPB3Prescaler
                0x080005d4       0x28 ./Core/Src/main.o
 .text.LL_RCC_SetAPB4Prescaler
                0x080005fc       0x28 ./Core/Src/main.o
 .text.LL_AHB4_GRP1_EnableClock
                0x08000624       0x38 ./Core/Src/main.o
 .text.LL_APB4_GRP1_EnableClock
                0x0800065c       0x38 ./Core/Src/main.o
 .text.LL_SYSCFG_SetEXTISource
                0x08000694       0x70 ./Core/Src/main.o
 .text.LL_FLASH_SetLatency
                0x08000704       0x28 ./Core/Src/main.o
 .text.LL_FLASH_GetLatency
                0x0800072c       0x1c ./Core/Src/main.o
 .text.LL_MPU_Enable
                0x08000748       0x30 ./Core/Src/main.o
 .text.LL_MPU_Disable
                0x08000778       0x20 ./Core/Src/main.o
 .text.LL_MPU_ConfigRegion
                0x08000798       0x40 ./Core/Src/main.o
 .text.LL_PWR_ConfigSupply
                0x080007d8       0x28 ./Core/Src/main.o
 .text.LL_PWR_SetRegulVoltageScaling
                0x08000800       0x28 ./Core/Src/main.o
 .text.LL_PWR_IsActiveFlag_VOS
                0x08000828       0x28 ./Core/Src/main.o
 .text.LL_GPIO_SetPinMode
                0x08000850       0x40 ./Core/Src/main.o
 .text.LL_GPIO_SetPinPull
                0x08000890       0x40 ./Core/Src/main.o
 .text.LL_GPIO_ResetOutputPin
                0x080008d0       0x1e ./Core/Src/main.o
 .text.LL_GPIO_TogglePin
                0x080008ee       0x32 ./Core/Src/main.o
 .text.main     0x08000920       0x70 ./Core/Src/main.o
                0x08000920                main
 .text.SystemClock_Config
                0x08000990       0x98 ./Core/Src/main.o
                0x08000990                SystemClock_Config
 .text.MX_GPIO_Init
                0x08000a28      0x108 ./Core/Src/main.o
 .text.MPU_Config
                0x08000b30       0x24 ./Core/Src/main.o
 .text.LL_EXTI_IsActiveFlag_0_31
                0x08000b54       0x2c ./Core/Src/stm32h7xx_it.o
 .text.LL_EXTI_ClearFlag_0_31
                0x08000b80       0x1e ./Core/Src/stm32h7xx_it.o
 .text.NMI_Handler
                0x08000b9e        0x8 ./Core/Src/stm32h7xx_it.o
                0x08000b9e                NMI_Handler
 .text.HardFault_Handler
                0x08000ba6        0x8 ./Core/Src/stm32h7xx_it.o
                0x08000ba6                HardFault_Handler
 .text.MemManage_Handler
                0x08000bae        0x8 ./Core/Src/stm32h7xx_it.o
                0x08000bae                MemManage_Handler
 .text.BusFault_Handler
                0x08000bb6        0x8 ./Core/Src/stm32h7xx_it.o
                0x08000bb6                BusFault_Handler
 .text.UsageFault_Handler
                0x08000bbe        0x8 ./Core/Src/stm32h7xx_it.o
                0x08000bbe                UsageFault_Handler
 .text.SVC_Handler
                0x08000bc6        0xe ./Core/Src/stm32h7xx_it.o
                0x08000bc6                SVC_Handler
 .text.DebugMon_Handler
                0x08000bd4        0xe ./Core/Src/stm32h7xx_it.o
                0x08000bd4                DebugMon_Handler
 .text.PendSV_Handler
                0x08000be2        0xe ./Core/Src/stm32h7xx_it.o
                0x08000be2                PendSV_Handler
 .text.SysTick_Handler
                0x08000bf0        0xe ./Core/Src/stm32h7xx_it.o
                0x08000bf0                SysTick_Handler
 *fill*         0x08000bfe        0x2 
 .text.EXTI15_10_IRQHandler
                0x08000c00       0x28 ./Core/Src/stm32h7xx_it.o
                0x08000c00                EXTI15_10_IRQHandler
 .text.SystemInit
                0x08000c28      0x140 ./Core/Src/system_stm32h7xx.o
                0x08000c28                SystemInit
 .text.ExitRun0Mode
                0x08000d68       0x30 ./Core/Src/system_stm32h7xx.o
                0x08000d68                ExitRun0Mode
 .text.Reset_Handler
                0x08000d98       0x54 ./Core/Startup/startup_stm32h753zitx.o
                0x08000d98                Reset_Handler
 .text.Default_Handler
                0x08000dec        0x2 ./Core/Startup/startup_stm32h753zitx.o
                0x08000dec                RTC_Alarm_IRQHandler
                0x08000dec                HASH_RNG_IRQHandler
                0x08000dec                EXTI2_IRQHandler
                0x08000dec                TIM8_CC_IRQHandler
                0x08000dec                HRTIM1_Master_IRQHandler
                0x08000dec                UART8_IRQHandler
                0x08000dec                SPI4_IRQHandler
                0x08000dec                TIM1_CC_IRQHandler
                0x08000dec                BDMA_Channel6_IRQHandler
                0x08000dec                DMA2_Stream5_IRQHandler
                0x08000dec                HRTIM1_FLT_IRQHandler
                0x08000dec                JPEG_IRQHandler
                0x08000dec                DMA1_Stream5_IRQHandler
                0x08000dec                BDMA_Channel1_IRQHandler
                0x08000dec                HRTIM1_TIMD_IRQHandler
                0x08000dec                TAMP_STAMP_IRQHandler
                0x08000dec                EXTI3_IRQHandler
                0x08000dec                LPTIM4_IRQHandler
                0x08000dec                TIM8_TRG_COM_TIM14_IRQHandler
                0x08000dec                LPTIM2_IRQHandler
                0x08000dec                DFSDM1_FLT1_IRQHandler
                0x08000dec                DMAMUX2_OVR_IRQHandler
                0x08000dec                TIM8_UP_TIM13_IRQHandler
                0x08000dec                I2C3_ER_IRQHandler
                0x08000dec                DFSDM1_FLT2_IRQHandler
                0x08000dec                MDMA_IRQHandler
                0x08000dec                LPTIM3_IRQHandler
                0x08000dec                HSEM1_IRQHandler
                0x08000dec                EXTI0_IRQHandler
                0x08000dec                I2C2_EV_IRQHandler
                0x08000dec                DMA1_Stream2_IRQHandler
                0x08000dec                FPU_IRQHandler
                0x08000dec                OTG_HS_WKUP_IRQHandler
                0x08000dec                FDCAN1_IT1_IRQHandler
                0x08000dec                LTDC_ER_IRQHandler
                0x08000dec                DMA2_Stream2_IRQHandler
                0x08000dec                HRTIM1_TIME_IRQHandler
                0x08000dec                SPI1_IRQHandler
                0x08000dec                TIM6_DAC_IRQHandler
                0x08000dec                DCMI_IRQHandler
                0x08000dec                HRTIM1_TIMC_IRQHandler
                0x08000dec                DMA2_Stream3_IRQHandler
                0x08000dec                SAI2_IRQHandler
                0x08000dec                DFSDM1_FLT3_IRQHandler
                0x08000dec                USART6_IRQHandler
                0x08000dec                TIM17_IRQHandler
                0x08000dec                USART3_IRQHandler
                0x08000dec                BDMA_Channel7_IRQHandler
                0x08000dec                CRYP_IRQHandler
                0x08000dec                LPTIM5_IRQHandler
                0x08000dec                UART5_IRQHandler
                0x08000dec                ADC3_IRQHandler
                0x08000dec                DMA2_Stream0_IRQHandler
                0x08000dec                TIM4_IRQHandler
                0x08000dec                BDMA_Channel2_IRQHandler
                0x08000dec                QUADSPI_IRQHandler
                0x08000dec                I2C1_EV_IRQHandler
                0x08000dec                DMA1_Stream6_IRQHandler
                0x08000dec                DMAMUX1_OVR_IRQHandler
                0x08000dec                DMA1_Stream1_IRQHandler
                0x08000dec                TIM16_IRQHandler
                0x08000dec                UART4_IRQHandler
                0x08000dec                BDMA_Channel5_IRQHandler
                0x08000dec                TIM3_IRQHandler
                0x08000dec                RCC_IRQHandler
                0x08000dec                TIM8_BRK_TIM12_IRQHandler
                0x08000dec                TIM1_TRG_COM_IRQHandler
                0x08000dec                Default_Handler
                0x08000dec                ECC_IRQHandler
                0x08000dec                CEC_IRQHandler
                0x08000dec                BDMA_Channel0_IRQHandler
                0x08000dec                ADC_IRQHandler
                0x08000dec                DMA1_Stream7_IRQHandler
                0x08000dec                HRTIM1_TIMA_IRQHandler
                0x08000dec                SPI5_IRQHandler
                0x08000dec                TIM7_IRQHandler
                0x08000dec                SDMMC1_IRQHandler
                0x08000dec                TIM5_IRQHandler
                0x08000dec                DMA2_Stream7_IRQHandler
                0x08000dec                TIM15_IRQHandler
                0x08000dec                PVD_AVD_IRQHandler
                0x08000dec                I2C3_EV_IRQHandler
                0x08000dec                EXTI9_5_IRQHandler
                0x08000dec                RTC_WKUP_IRQHandler
                0x08000dec                LTDC_IRQHandler
                0x08000dec                SAI3_IRQHandler
                0x08000dec                ETH_WKUP_IRQHandler
                0x08000dec                SPDIF_RX_IRQHandler
                0x08000dec                SPI2_IRQHandler
                0x08000dec                OTG_HS_EP1_IN_IRQHandler
                0x08000dec                DMA1_Stream0_IRQHandler
                0x08000dec                CRS_IRQHandler
                0x08000dec                EXTI4_IRQHandler
                0x08000dec                HRTIM1_TIMB_IRQHandler
                0x08000dec                FDCAN2_IT1_IRQHandler
                0x08000dec                ETH_IRQHandler
                0x08000dec                TIM1_UP_IRQHandler
                0x08000dec                BDMA_Channel4_IRQHandler
                0x08000dec                OTG_HS_EP1_OUT_IRQHandler
                0x08000dec                WWDG_IRQHandler
                0x08000dec                SPI6_IRQHandler
                0x08000dec                MDIOS_IRQHandler
                0x08000dec                I2C4_EV_IRQHandler
                0x08000dec                FDCAN2_IT0_IRQHandler
                0x08000dec                LPUART1_IRQHandler
                0x08000dec                FDCAN1_IT0_IRQHandler
                0x08000dec                TIM2_IRQHandler
                0x08000dec                OTG_FS_WKUP_IRQHandler
                0x08000dec                OTG_HS_IRQHandler
                0x08000dec                DMA2D_IRQHandler
                0x08000dec                TIM1_BRK_IRQHandler
                0x08000dec                EXTI1_IRQHandler
                0x08000dec                SDMMC2_IRQHandler
                0x08000dec                OTG_FS_EP1_OUT_IRQHandler
                0x08000dec                BDMA_Channel3_IRQHandler
                0x08000dec                UART7_IRQHandler
                0x08000dec                MDIOS_WKUP_IRQHandler
                0x08000dec                USART2_IRQHandler
                0x08000dec                DFSDM1_FLT0_IRQHandler
                0x08000dec                SAI4_IRQHandler
                0x08000dec                I2C2_ER_IRQHandler
                0x08000dec                DMA2_Stream1_IRQHandler
                0x08000dec                FLASH_IRQHandler
                0x08000dec                DMA2_Stream4_IRQHandler
                0x08000dec                USART1_IRQHandler
                0x08000dec                OTG_FS_IRQHandler
                0x08000dec                SPI3_IRQHandler
                0x08000dec                WAKEUP_PIN_IRQHandler
                0x08000dec                DMA1_Stream4_IRQHandler
                0x08000dec                OTG_FS_EP1_IN_IRQHandler
                0x08000dec                I2C1_ER_IRQHandler
                0x08000dec                FMC_IRQHandler
                0x08000dec                FDCAN_CAL_IRQHandler
                0x08000dec                SWPMI1_IRQHandler
                0x08000dec                COMP1_IRQHandler
                0x08000dec                LPTIM1_IRQHandler
                0x08000dec                I2C4_ER_IRQHandler
                0x08000dec                DMA2_Stream6_IRQHandler
                0x08000dec                SAI1_IRQHandler
                0x08000dec                DMA1_Stream3_IRQHandler
 .text.LL_EXTI_EnableIT_0_31
                0x08000dee       0x28 ./Drivers/STM32H7xx_HAL_Driver/Src/stm32h7xx_ll_exti.o
 .text.LL_EXTI_EnableIT_32_63
                0x08000e16       0x28 ./Drivers/STM32H7xx_HAL_Driver/Src/stm32h7xx_ll_exti.o
 .text.LL_EXTI_EnableIT_64_95
                0x08000e3e       0x28 ./Drivers/STM32H7xx_HAL_Driver/Src/stm32h7xx_ll_exti.o
 .text.LL_EXTI_DisableIT_0_31
                0x08000e66       0x2a ./Drivers/STM32H7xx_HAL_Driver/Src/stm32h7xx_ll_exti.o
 .text.LL_EXTI_DisableIT_32_63
                0x08000e90       0x2a ./Drivers/STM32H7xx_HAL_Driver/Src/stm32h7xx_ll_exti.o
 .text.LL_EXTI_DisableIT_64_95
                0x08000eba       0x2a ./Drivers/STM32H7xx_HAL_Driver/Src/stm32h7xx_ll_exti.o
 .text.LL_EXTI_EnableEvent_0_31
                0x08000ee4       0x28 ./Drivers/STM32H7xx_HAL_Driver/Src/stm32h7xx_ll_exti.o
 .text.LL_EXTI_EnableEvent_32_63
                0x08000f0c       0x28 ./Drivers/STM32H7xx_HAL_Driver/Src/stm32h7xx_ll_exti.o
 .text.LL_EXTI_EnableEvent_64_95
                0x08000f34       0x28 ./Drivers/STM32H7xx_HAL_Driver/Src/stm32h7xx_ll_exti.o
 .text.LL_EXTI_DisableEvent_0_31
                0x08000f5c       0x2a ./Drivers/STM32H7xx_HAL_Driver/Src/stm32h7xx_ll_exti.o
 .text.LL_EXTI_DisableEvent_32_63
                0x08000f86       0x2a ./Drivers/STM32H7xx_HAL_Driver/Src/stm32h7xx_ll_exti.o
 .text.LL_EXTI_DisableEvent_64_95
                0x08000fb0       0x2a ./Drivers/STM32H7xx_HAL_Driver/Src/stm32h7xx_ll_exti.o
 .text.LL_EXTI_EnableRisingTrig_0_31
                0x08000fda       0x24 ./Drivers/STM32H7xx_HAL_Driver/Src/stm32h7xx_ll_exti.o
 .text.LL_EXTI_EnableRisingTrig_32_63
                0x08000ffe       0x24 ./Drivers/STM32H7xx_HAL_Driver/Src/stm32h7xx_ll_exti.o
 .text.LL_EXTI_EnableRisingTrig_64_95
                0x08001022       0x24 ./Drivers/STM32H7xx_HAL_Driver/Src/stm32h7xx_ll_exti.o
 .text.LL_EXTI_DisableRisingTrig_0_31
                0x08001046       0x26 ./Drivers/STM32H7xx_HAL_Driver/Src/stm32h7xx_ll_exti.o
 .text.LL_EXTI_DisableRisingTrig_32_63
                0x0800106c       0x26 ./Drivers/STM32H7xx_HAL_Driver/Src/stm32h7xx_ll_exti.o
 .text.LL_EXTI_DisableRisingTrig_64_95
                0x08001092       0x26 ./Drivers/STM32H7xx_HAL_Driver/Src/stm32h7xx_ll_exti.o
 .text.LL_EXTI_EnableFallingTrig_0_31
                0x080010b8       0x24 ./Drivers/STM32H7xx_HAL_Driver/Src/stm32h7xx_ll_exti.o
 .text.LL_EXTI_EnableFallingTrig_32_63
                0x080010dc       0x24 ./Drivers/STM32H7xx_HAL_Driver/Src/stm32h7xx_ll_exti.o
 .text.LL_EXTI_EnableFallingTrig_64_95
                0x08001100       0x24 ./Drivers/STM32H7xx_HAL_Driver/Src/stm32h7xx_ll_exti.o
 .text.LL_EXTI_DisableFallingTrig_0_31
                0x08001124       0x26 ./Drivers/STM32H7xx_HAL_Driver/Src/stm32h7xx_ll_exti.o
 .text.LL_EXTI_DisableFallingTrig_32_63
                0x0800114a       0x26 ./Drivers/STM32H7xx_HAL_Driver/Src/stm32h7xx_ll_exti.o
 .text.LL_EXTI_DisableFallingTrig_64_95
                0x08001170       0x26 ./Drivers/STM32H7xx_HAL_Driver/Src/stm32h7xx_ll_exti.o
 .text.LL_EXTI_Init
                0x08001196      0x272 ./Drivers/STM32H7xx_HAL_Driver/Src/stm32h7xx_ll_exti.o
                0x08001196                LL_EXTI_Init
 .text.LL_GPIO_SetPinMode
                0x08001408       0x40 ./Drivers/STM32H7xx_HAL_Driver/Src/stm32h7xx_ll_gpio.o
 .text.LL_GPIO_SetPinOutputType
                0x08001448       0x30 ./Drivers/STM32H7xx_HAL_Driver/Src/stm32h7xx_ll_gpio.o
 .text.LL_GPIO_SetPinSpeed
                0x08001478       0x40 ./Drivers/STM32H7xx_HAL_Driver/Src/stm32h7xx_ll_gpio.o
 .text.LL_GPIO_SetPinPull
                0x080014b8       0x40 ./Drivers/STM32H7xx_HAL_Driver/Src/stm32h7xx_ll_gpio.o
 .text.LL_GPIO_SetAFPin_0_7
                0x080014f8       0x58 ./Drivers/STM32H7xx_HAL_Driver/Src/stm32h7xx_ll_gpio.o
 .text.LL_GPIO_SetAFPin_8_15
                0x08001550       0x6c ./Drivers/STM32H7xx_HAL_Driver/Src/stm32h7xx_ll_gpio.o
 .text.LL_GPIO_Init
                0x080015bc       0xdc ./Drivers/STM32H7xx_HAL_Driver/Src/stm32h7xx_ll_gpio.o
                0x080015bc                LL_GPIO_Init
 .text.LL_InitTick
                0x08001698       0x34 ./Drivers/STM32H7xx_HAL_Driver/Src/stm32h7xx_ll_utils.o
 .text.LL_Init1msTick
                0x080016cc       0x1a ./Drivers/STM32H7xx_HAL_Driver/Src/stm32h7xx_ll_utils.o
                0x080016cc                LL_Init1msTick
 *fill*         0x080016e6        0x2 
 .text.LL_SetSystemCoreClock
                0x080016e8       0x20 ./Drivers/STM32H7xx_HAL_Driver/Src/stm32h7xx_ll_utils.o
                0x080016e8                LL_SetSystemCoreClock
 .text.__libc_init_array
                0x08001708       0x48 C:/ST/STM32CubeIDE_1.18.1/STM32CubeIDE/plugins/com.st.stm32cube.ide.mcu.externaltools.gnu-tools-for-stm32.13.3.rel1.win32_1.0.0.202411081344/tools/bin/../lib/gcc/arm-none-eabi/13.3.1/../../../../arm-none-eabi/lib/thumb/v7e-m+dp/hard\libc_nano.a(libc_a-init.o)
                0x08001708                __libc_init_array
 *(.glue_7)
 .glue_7        0x08001750        0x0 linker stubs
 *(.glue_7t)
 .glue_7t       0x08001750        0x0 linker stubs
 *(.eh_frame)
 .eh_frame      0x08001750        0x0 C:/ST/STM32CubeIDE_1.18.1/STM32CubeIDE/plugins/com.st.stm32cube.ide.mcu.externaltools.gnu-tools-for-stm32.13.3.rel1.win32_1.0.0.202411081344/tools/bin/../lib/gcc/arm-none-eabi/13.3.1/thumb/v7e-m+dp/hard/crtbegin.o
 *(.init)
 .init          0x08001750        0x4 C:/ST/STM32CubeIDE_1.18.1/STM32CubeIDE/plugins/com.st.stm32cube.ide.mcu.externaltools.gnu-tools-for-stm32.13.3.rel1.win32_1.0.0.202411081344/tools/bin/../lib/gcc/arm-none-eabi/13.3.1/thumb/v7e-m+dp/hard/crti.o
                0x08001750                _init
 .init          0x08001754        0x8 C:/ST/STM32CubeIDE_1.18.1/STM32CubeIDE/plugins/com.st.stm32cube.ide.mcu.externaltools.gnu-tools-for-stm32.13.3.rel1.win32_1.0.0.202411081344/tools/bin/../lib/gcc/arm-none-eabi/13.3.1/thumb/v7e-m+dp/hard/crtn.o
 *(.fini)
 .fini          0x0800175c        0x4 C:/ST/STM32CubeIDE_1.18.1/STM32CubeIDE/plugins/com.st.stm32cube.ide.mcu.externaltools.gnu-tools-for-stm32.13.3.rel1.win32_1.0.0.202411081344/tools/bin/../lib/gcc/arm-none-eabi/13.3.1/thumb/v7e-m+dp/hard/crti.o
                0x0800175c                _fini
 .fini          0x08001760        0x8 C:/ST/STM32CubeIDE_1.18.1/STM32CubeIDE/plugins/com.st.stm32cube.ide.mcu.externaltools.gnu-tools-for-stm32.13.3.rel1.win32_1.0.0.202411081344/tools/bin/../lib/gcc/arm-none-eabi/13.3.1/thumb/v7e-m+dp/hard/crtn.o
                0x08001768                        . = ALIGN (0x4)
                0x08001768                        _etext = .

.vfp11_veneer   0x08001768        0x0
 .vfp11_veneer  0x08001768        0x0 linker stubs

.v4_bx          0x08001768        0x0
 .v4_bx         0x08001768        0x0 linker stubs

.iplt           0x08001768        0x0
 .iplt          0x08001768        0x0 C:/ST/STM32CubeIDE_1.18.1/STM32CubeIDE/plugins/com.st.stm32cube.ide.mcu.externaltools.gnu-tools-for-stm32.13.3.rel1.win32_1.0.0.202411081344/tools/bin/../lib/gcc/arm-none-eabi/13.3.1/thumb/v7e-m+dp/hard/crtbegin.o

.rodata         0x08001768        0x0
                0x08001768                        . = ALIGN (0x4)
 *(.rodata)
 *(.rodata*)
                0x08001768                        . = ALIGN (0x4)

.ARM.extab
 *(.ARM.extab* .gnu.linkonce.armextab.*)

.ARM            0x08001768        0x0
                0x08001768                        __exidx_start = .
 *(.ARM.exidx*)
                0x08001768                        __exidx_end = .

.preinit_array  0x08001768        0x0
                0x08001768                        PROVIDE (__preinit_array_start = .)
 *(.preinit_array*)
                0x08001768                        PROVIDE (__preinit_array_end = .)

.init_array     0x08001768        0x4
                0x08001768                        PROVIDE (__init_array_start = .)
 *(SORT_BY_NAME(.init_array.*))
 *(.init_array*)
 .init_array    0x08001768        0x4 C:/ST/STM32CubeIDE_1.18.1/STM32CubeIDE/plugins/com.st.stm32cube.ide.mcu.externaltools.gnu-tools-for-stm32.13.3.rel1.win32_1.0.0.202411081344/tools/bin/../lib/gcc/arm-none-eabi/13.3.1/thumb/v7e-m+dp/hard/crtbegin.o
                0x0800176c                        PROVIDE (__init_array_end = .)

.fini_array     0x0800176c        0x4
                [!provide]                        PROVIDE (__fini_array_start = .)
 *(SORT_BY_NAME(.fini_array.*))
 *(.fini_array*)
 .fini_array    0x0800176c        0x4 C:/ST/STM32CubeIDE_1.18.1/STM32CubeIDE/plugins/com.st.stm32cube.ide.mcu.externaltools.gnu-tools-for-stm32.13.3.rel1.win32_1.0.0.202411081344/tools/bin/../lib/gcc/arm-none-eabi/13.3.1/thumb/v7e-m+dp/hard/crtbegin.o
                [!provide]                        PROVIDE (__fini_array_end = .)
                0x08001770                        _sidata = LOADADDR (.data)

.rel.dyn        0x08001770        0x0
 .rel.iplt      0x08001770        0x0 C:/ST/STM32CubeIDE_1.18.1/STM32CubeIDE/plugins/com.st.stm32cube.ide.mcu.externaltools.gnu-tools-for-stm32.13.3.rel1.win32_1.0.0.202411081344/tools/bin/../lib/gcc/arm-none-eabi/13.3.1/thumb/v7e-m+dp/hard/crtbegin.o

.data           0x24000000        0x4 load address 0x08001770
                0x24000000                        . = ALIGN (0x4)
                0x24000000                        _sdata = .
 *(.data)
 *(.data*)
 .data.SystemCoreClock
                0x24000000        0x4 ./Core/Src/system_stm32h7xx.o
                0x24000000                SystemCoreClock
 *(.RamFunc)
 *(.RamFunc*)
                0x24000004                        . = ALIGN (0x4)
                0x24000004                        _edata = .

.igot.plt       0x24000004        0x0 load address 0x08001774
 .igot.plt      0x24000004        0x0 C:/ST/STM32CubeIDE_1.18.1/STM32CubeIDE/plugins/com.st.stm32cube.ide.mcu.externaltools.gnu-tools-for-stm32.13.3.rel1.win32_1.0.0.202411081344/tools/bin/../lib/gcc/arm-none-eabi/13.3.1/thumb/v7e-m+dp/hard/crtbegin.o
                0x24000004                        . = ALIGN (0x4)

.bss            0x24000004       0x20 load address 0x08001774
                0x24000004                        _sbss = .
                0x24000004                        __bss_start__ = _sbss
 *(.bss)
 .bss           0x24000004       0x1c C:/ST/STM32CubeIDE_1.18.1/STM32CubeIDE/plugins/com.st.stm32cube.ide.mcu.externaltools.gnu-tools-for-stm32.13.3.rel1.win32_1.0.0.202411081344/tools/bin/../lib/gcc/arm-none-eabi/13.3.1/thumb/v7e-m+dp/hard/crtbegin.o
 *(.bss*)
 .bss.flag      0x24000020        0x1 ./Core/Src/main.o
                0x24000020                flag
 *(COMMON)
                0x24000024                        . = ALIGN (0x4)
 *fill*         0x24000021        0x3 
                0x24000024                        _ebss = .
                0x24000024                        __bss_end__ = _ebss

._user_heap_stack
                0x24000024      0x604 load address 0x08001774
                0x24000028                        . = ALIGN (0x8)
 *fill*         0x24000024        0x4 
                [!provide]                        PROVIDE (end = .)
                0x24000028                        PROVIDE (_end = .)
                0x24000228                        . = (. + _Min_Heap_Size)
 *fill*         0x24000028      0x200 
                0x24000628                        . = (. + _Min_Stack_Size)
 *fill*         0x24000228      0x400 
                0x24000628                        . = ALIGN (0x8)

/DISCARD/
 libc.a(*)
 libm.a(*)
 libgcc.a(*)

.ARM.attributes
                0x00000000       0x2e
 *(.ARM.attributes)
 .ARM.attributes
                0x00000000       0x20 C:/ST/STM32CubeIDE_1.18.1/STM32CubeIDE/plugins/com.st.stm32cube.ide.mcu.externaltools.gnu-tools-for-stm32.13.3.rel1.win32_1.0.0.202411081344/tools/bin/../lib/gcc/arm-none-eabi/13.3.1/thumb/v7e-m+dp/hard/crti.o
 .ARM.attributes
                0x00000020       0x32 C:/ST/STM32CubeIDE_1.18.1/STM32CubeIDE/plugins/com.st.stm32cube.ide.mcu.externaltools.gnu-tools-for-stm32.13.3.rel1.win32_1.0.0.202411081344/tools/bin/../lib/gcc/arm-none-eabi/13.3.1/thumb/v7e-m+dp/hard/crtbegin.o
 .ARM.attributes
                0x00000052       0x32 ./Core/Src/main.o
 .ARM.attributes
                0x00000084       0x32 ./Core/Src/stm32h7xx_it.o
 .ARM.attributes
                0x000000b6       0x32 ./Core/Src/system_stm32h7xx.o
 .ARM.attributes
                0x000000e8       0x21 ./Core/Startup/startup_stm32h753zitx.o
 .ARM.attributes
                0x00000109       0x32 ./Drivers/STM32H7xx_HAL_Driver/Src/stm32h7xx_ll_exti.o
 .ARM.attributes
                0x0000013b       0x32 ./Drivers/STM32H7xx_HAL_Driver/Src/stm32h7xx_ll_gpio.o
 .ARM.attributes
                0x0000016d       0x32 ./Drivers/STM32H7xx_HAL_Driver/Src/stm32h7xx_ll_utils.o
 .ARM.attributes
                0x0000019f       0x32 C:/ST/STM32CubeIDE_1.18.1/STM32CubeIDE/plugins/com.st.stm32cube.ide.mcu.externaltools.gnu-tools-for-stm32.13.3.rel1.win32_1.0.0.202411081344/tools/bin/../lib/gcc/arm-none-eabi/13.3.1/../../../../arm-none-eabi/lib/thumb/v7e-m+dp/hard\libc_nano.a(libc_a-init.o)
 .ARM.attributes
                0x000001d1       0x20 C:/ST/STM32CubeIDE_1.18.1/STM32CubeIDE/plugins/com.st.stm32cube.ide.mcu.externaltools.gnu-tools-for-stm32.13.3.rel1.win32_1.0.0.202411081344/tools/bin/../lib/gcc/arm-none-eabi/13.3.1/thumb/v7e-m+dp/hard/crtn.o
OUTPUT(G0_EXTI.elf elf32-littlearm)
LOAD linker stubs
LOAD C:/ST/STM32CubeIDE_1.18.1/STM32CubeIDE/plugins/com.st.stm32cube.ide.mcu.externaltools.gnu-tools-for-stm32.13.3.rel1.win32_1.0.0.202411081344/tools/bin/../lib/gcc/arm-none-eabi/13.3.1/../../../../arm-none-eabi/lib/thumb/v7e-m+dp/hard\libc.a
LOAD C:/ST/STM32CubeIDE_1.18.1/STM32CubeIDE/plugins/com.st.stm32cube.ide.mcu.externaltools.gnu-tools-for-stm32.13.3.rel1.win32_1.0.0.202411081344/tools/bin/../lib/gcc/arm-none-eabi/13.3.1/../../../../arm-none-eabi/lib/thumb/v7e-m+dp/hard\libm.a
LOAD C:/ST/STM32CubeIDE_1.18.1/STM32CubeIDE/plugins/com.st.stm32cube.ide.mcu.externaltools.gnu-tools-for-stm32.13.3.rel1.win32_1.0.0.202411081344/tools/bin/../lib/gcc/arm-none-eabi/13.3.1/thumb/v7e-m+dp/hard\libgcc.a

.debug_info     0x00000000     0x4eb6
 .debug_info    0x00000000     0x1d66 ./Core/Src/main.o
 .debug_info    0x00001d66      0x3bd ./Core/Src/stm32h7xx_it.o
 .debug_info    0x00002123      0xdb2 ./Core/Src/system_stm32h7xx.o
 .debug_info    0x00002ed5       0x30 ./Core/Startup/startup_stm32h753zitx.o
 .debug_info    0x00002f05      0x70d ./Drivers/STM32H7xx_HAL_Driver/Src/stm32h7xx_ll_exti.o
 .debug_info    0x00003612      0x88d ./Drivers/STM32H7xx_HAL_Driver/Src/stm32h7xx_ll_gpio.o
 .debug_info    0x00003e9f     0x1017 ./Drivers/STM32H7xx_HAL_Driver/Src/stm32h7xx_ll_utils.o

.debug_abbrev   0x00000000      0xc7c
 .debug_abbrev  0x00000000      0x360 ./Core/Src/main.o
 .debug_abbrev  0x00000360      0x160 ./Core/Src/stm32h7xx_it.o
 .debug_abbrev  0x000004c0      0x165 ./Core/Src/system_stm32h7xx.o
 .debug_abbrev  0x00000625       0x24 ./Core/Startup/startup_stm32h753zitx.o
 .debug_abbrev  0x00000649      0x19a ./Drivers/STM32H7xx_HAL_Driver/Src/stm32h7xx_ll_exti.o
 .debug_abbrev  0x000007e3      0x231 ./Drivers/STM32H7xx_HAL_Driver/Src/stm32h7xx_ll_gpio.o
 .debug_abbrev  0x00000a14      0x268 ./Drivers/STM32H7xx_HAL_Driver/Src/stm32h7xx_ll_utils.o

.debug_aranges  0x00000000      0x4d8
 .debug_aranges
                0x00000000      0x140 ./Core/Src/main.o
 .debug_aranges
                0x00000140       0x78 ./Core/Src/stm32h7xx_it.o
 .debug_aranges
                0x000001b8       0x30 ./Core/Src/system_stm32h7xx.o
 .debug_aranges
                0x000001e8       0x28 ./Core/Startup/startup_stm32h753zitx.o
 .debug_aranges
                0x00000210       0xf0 ./Drivers/STM32H7xx_HAL_Driver/Src/stm32h7xx_ll_exti.o
 .debug_aranges
                0x00000300       0x70 ./Drivers/STM32H7xx_HAL_Driver/Src/stm32h7xx_ll_gpio.o
 .debug_aranges
                0x00000370      0x168 ./Drivers/STM32H7xx_HAL_Driver/Src/stm32h7xx_ll_utils.o

.debug_rnglists
                0x00000000      0x38c
 .debug_rnglists
                0x00000000       0xed ./Core/Src/main.o
 .debug_rnglists
                0x000000ed       0x55 ./Core/Src/stm32h7xx_it.o
 .debug_rnglists
                0x00000142       0x21 ./Core/Src/system_stm32h7xx.o
 .debug_rnglists
                0x00000163       0x19 ./Core/Startup/startup_stm32h753zitx.o
 .debug_rnglists
                0x0000017c       0xb1 ./Drivers/STM32H7xx_HAL_Driver/Src/stm32h7xx_ll_exti.o
 .debug_rnglists
                0x0000022d       0x51 ./Drivers/STM32H7xx_HAL_Driver/Src/stm32h7xx_ll_gpio.o
 .debug_rnglists
                0x0000027e      0x10e ./Drivers/STM32H7xx_HAL_Driver/Src/stm32h7xx_ll_utils.o

.debug_macro    0x00000000    0x2c3da
 .debug_macro   0x00000000      0x208 ./Core/Src/main.o
 .debug_macro   0x00000208      0xb26 ./Core/Src/main.o
 .debug_macro   0x00000d2e       0x2e ./Core/Src/main.o
 .debug_macro   0x00000d5c       0x3b ./Core/Src/main.o
 .debug_macro   0x00000d97       0x22 ./Core/Src/main.o
 .debug_macro   0x00000db9       0x8e ./Core/Src/main.o
 .debug_macro   0x00000e47       0x51 ./Core/Src/main.o
 .debug_macro   0x00000e98      0x103 ./Core/Src/main.o
 .debug_macro   0x00000f9b       0x6a ./Core/Src/main.o
 .debug_macro   0x00001005      0x1df ./Core/Src/main.o
 .debug_macro   0x000011e4       0x1c ./Core/Src/main.o
 .debug_macro   0x00001200       0x22 ./Core/Src/main.o
 .debug_macro   0x00001222       0xfb ./Core/Src/main.o
 .debug_macro   0x0000131d     0x1305 ./Core/Src/main.o
 .debug_macro   0x00002622      0x11f ./Core/Src/main.o
 .debug_macro   0x00002741       0x27 ./Core/Src/main.o
 .debug_macro   0x00002768    0x261cc ./Core/Src/main.o
 .debug_macro   0x00028934       0x6d ./Core/Src/main.o
 .debug_macro   0x000289a1       0x61 ./Core/Src/main.o
 .debug_macro   0x00028a02       0x29 ./Core/Src/main.o
 .debug_macro   0x00028a2b       0x43 ./Core/Src/main.o
 .debug_macro   0x00028a6e       0x34 ./Core/Src/main.o
 .debug_macro   0x00028aa2      0x190 ./Core/Src/main.o
 .debug_macro   0x00028c32      0x370 ./Core/Src/main.o
 .debug_macro   0x00028fa2       0x16 ./Core/Src/main.o
 .debug_macro   0x00028fb8       0x4a ./Core/Src/main.o
 .debug_macro   0x00029002       0x34 ./Core/Src/main.o
 .debug_macro   0x00029036       0x10 ./Core/Src/main.o
 .debug_macro   0x00029046       0x58 ./Core/Src/main.o
 .debug_macro   0x0002909e       0x8e ./Core/Src/main.o
 .debug_macro   0x0002912c       0x1c ./Core/Src/main.o
 .debug_macro   0x00029148      0x185 ./Core/Src/main.o
 .debug_macro   0x000292cd      0x19b ./Core/Src/main.o
 .debug_macro   0x00029468      0x9e3 ./Core/Src/main.o
 .debug_macro   0x00029e4b       0xd0 ./Core/Src/main.o
 .debug_macro   0x00029f1b      0x34b ./Core/Src/main.o
 .debug_macro   0x0002a266      0x36f ./Core/Src/main.o
 .debug_macro   0x0002a5d5      0x287 ./Core/Src/main.o
 .debug_macro   0x0002a85c      0x1e0 ./Core/Src/main.o
 .debug_macro   0x0002aa3c       0x46 ./Core/Src/main.o
 .debug_macro   0x0002aa82      0x1f8 ./Core/Src/main.o
 .debug_macro   0x0002ac7a      0x79a ./Core/Src/main.o
 .debug_macro   0x0002b414      0x1ae ./Core/Src/main.o
 .debug_macro   0x0002b5c2      0x165 ./Core/Src/main.o
 .debug_macro   0x0002b727       0x58 ./Core/Src/main.o
 .debug_macro   0x0002b77f      0x212 ./Core/Src/stm32h7xx_it.o
 .debug_macro   0x0002b991      0x182 ./Core/Src/system_stm32h7xx.o
 .debug_macro   0x0002bb13       0xff ./Drivers/STM32H7xx_HAL_Driver/Src/stm32h7xx_ll_exti.o
 .debug_macro   0x0002bc12      0x281 ./Drivers/STM32H7xx_HAL_Driver/Src/stm32h7xx_ll_exti.o
 .debug_macro   0x0002be93      0x10e ./Drivers/STM32H7xx_HAL_Driver/Src/stm32h7xx_ll_gpio.o
 .debug_macro   0x0002bfa1      0x15f ./Drivers/STM32H7xx_HAL_Driver/Src/stm32h7xx_ll_gpio.o
 .debug_macro   0x0002c100      0x2da ./Drivers/STM32H7xx_HAL_Driver/Src/stm32h7xx_ll_utils.o

.debug_line     0x00000000     0x3bb3
 .debug_line    0x00000000      0xcf4 ./Core/Src/main.o
 .debug_line    0x00000cf4      0x877 ./Core/Src/stm32h7xx_it.o
 .debug_line    0x0000156b      0x840 ./Core/Src/system_stm32h7xx.o
 .debug_line    0x00001dab       0x7b ./Core/Startup/startup_stm32h753zitx.o
 .debug_line    0x00001e26      0x8c3 ./Drivers/STM32H7xx_HAL_Driver/Src/stm32h7xx_ll_exti.o
 .debug_line    0x000026e9      0x725 ./Drivers/STM32H7xx_HAL_Driver/Src/stm32h7xx_ll_gpio.o
 .debug_line    0x00002e0e      0xda5 ./Drivers/STM32H7xx_HAL_Driver/Src/stm32h7xx_ll_utils.o

.debug_str      0x00000000   0x10135b
 .debug_str     0x00000000   0x10135b ./Core/Src/main.o
                              0xff1ac (size before relaxing)
 .debug_str     0x0010135b    0xfe000 ./Core/Src/stm32h7xx_it.o
 .debug_str     0x0010135b    0xed034 ./Core/Src/system_stm32h7xx.o
 .debug_str     0x0010135b       0x85 ./Core/Startup/startup_stm32h753zitx.o
 .debug_str     0x0010135b    0xea0ba ./Drivers/STM32H7xx_HAL_Driver/Src/stm32h7xx_ll_exti.o
 .debug_str     0x0010135b    0xeb48e ./Drivers/STM32H7xx_HAL_Driver/Src/stm32h7xx_ll_gpio.o
 .debug_str     0x0010135b    0xf95f1 ./Drivers/STM32H7xx_HAL_Driver/Src/stm32h7xx_ll_utils.o

.comment        0x00000000       0x43
 .comment       0x00000000       0x43 ./Core/Src/main.o
                                 0x44 (size before relaxing)
 .comment       0x00000043       0x44 ./Core/Src/stm32h7xx_it.o
 .comment       0x00000043       0x44 ./Core/Src/system_stm32h7xx.o
 .comment       0x00000043       0x44 ./Drivers/STM32H7xx_HAL_Driver/Src/stm32h7xx_ll_exti.o
 .comment       0x00000043       0x44 ./Drivers/STM32H7xx_HAL_Driver/Src/stm32h7xx_ll_gpio.o
 .comment       0x00000043       0x44 ./Drivers/STM32H7xx_HAL_Driver/Src/stm32h7xx_ll_utils.o

.debug_frame    0x00000000     0x1384
 .debug_frame   0x00000000      0x568 ./Core/Src/main.o
 .debug_frame   0x00000568      0x174 ./Core/Src/stm32h7xx_it.o
 .debug_frame   0x000006dc       0x78 ./Core/Src/system_stm32h7xx.o
 .debug_frame   0x00000754      0x440 ./Drivers/STM32H7xx_HAL_Driver/Src/stm32h7xx_ll_exti.o
 .debug_frame   0x00000b94      0x1c0 ./Drivers/STM32H7xx_HAL_Driver/Src/stm32h7xx_ll_gpio.o
 .debug_frame   0x00000d54      0x604 ./Drivers/STM32H7xx_HAL_Driver/Src/stm32h7xx_ll_utils.o
 .debug_frame   0x00001358       0x2c C:/ST/STM32CubeIDE_1.18.1/STM32CubeIDE/plugins/com.st.stm32cube.ide.mcu.externaltools.gnu-tools-for-stm32.13.3.rel1.win32_1.0.0.202411081344/tools/bin/../lib/gcc/arm-none-eabi/13.3.1/../../../../arm-none-eabi/lib/thumb/v7e-m+dp/hard\libc_nano.a(libc_a-init.o)

.debug_line_str
                0x00000000       0x69
 .debug_line_str
                0x00000000       0x69 ./Core/Startup/startup_stm32h753zitx.o
